Archive member included to satisfy reference by file (symbol)

e:/program files (x86)/atmel/studio/7.0/toolchain/avr8/avr8-gnu-toolchain/bin/../lib/gcc/avr/5.4.0/../../../../avr/lib/avr5\libm.a(addsf3.o)
                              UART/UART.o (__subsf3)
e:/program files (x86)/atmel/studio/7.0/toolchain/avr8/avr8-gnu-toolchain/bin/../lib/gcc/avr/5.4.0/../../../../avr/lib/avr5\libm.a(addsf3x.o)
                              e:/program files (x86)/atmel/studio/7.0/toolchain/avr8/avr8-gnu-toolchain/bin/../lib/gcc/avr/5.4.0/../../../../avr/lib/avr5\libm.a(addsf3.o) (__addsf3x)
e:/program files (x86)/atmel/studio/7.0/toolchain/avr8/avr8-gnu-toolchain/bin/../lib/gcc/avr/5.4.0/../../../../avr/lib/avr5\libm.a(fixsfsi.o)
                              LM335/LM335.o (__fixsfsi)
e:/program files (x86)/atmel/studio/7.0/toolchain/avr8/avr8-gnu-toolchain/bin/../lib/gcc/avr/5.4.0/../../../../avr/lib/avr5\libm.a(fixunssfsi.o)
                              HK3022/HK3022.o (__fixunssfsi)
e:/program files (x86)/atmel/studio/7.0/toolchain/avr8/avr8-gnu-toolchain/bin/../lib/gcc/avr/5.4.0/../../../../avr/lib/avr5\libm.a(floatdisf.o)
                              BMP280/BMP280.o (__floatdisf)
e:/program files (x86)/atmel/studio/7.0/toolchain/avr8/avr8-gnu-toolchain/bin/../lib/gcc/avr/5.4.0/../../../../avr/lib/avr5\libm.a(floatsisf.o)
                              ADC/ADC.o (__floatunsisf)
e:/program files (x86)/atmel/studio/7.0/toolchain/avr8/avr8-gnu-toolchain/bin/../lib/gcc/avr/5.4.0/../../../../avr/lib/avr5\libm.a(floatundisf.o)
                              e:/program files (x86)/atmel/studio/7.0/toolchain/avr8/avr8-gnu-toolchain/bin/../lib/gcc/avr/5.4.0/../../../../avr/lib/avr5\libm.a(floatdisf.o) (__fp_di2sf)
e:/program files (x86)/atmel/studio/7.0/toolchain/avr8/avr8-gnu-toolchain/bin/../lib/gcc/avr/5.4.0/../../../../avr/lib/avr5\libm.a(fp_inf.o)
                              e:/program files (x86)/atmel/studio/7.0/toolchain/avr8/avr8-gnu-toolchain/bin/../lib/gcc/avr/5.4.0/../../../../avr/lib/avr5\libm.a(addsf3x.o) (__fp_inf)
e:/program files (x86)/atmel/studio/7.0/toolchain/avr8/avr8-gnu-toolchain/bin/../lib/gcc/avr/5.4.0/../../../../avr/lib/avr5\libm.a(fp_nan.o)
                              e:/program files (x86)/atmel/studio/7.0/toolchain/avr8/avr8-gnu-toolchain/bin/../lib/gcc/avr/5.4.0/../../../../avr/lib/avr5\libm.a(addsf3x.o) (__fp_nan)
e:/program files (x86)/atmel/studio/7.0/toolchain/avr8/avr8-gnu-toolchain/bin/../lib/gcc/avr/5.4.0/../../../../avr/lib/avr5\libm.a(fp_negdi.o)
                              e:/program files (x86)/atmel/studio/7.0/toolchain/avr8/avr8-gnu-toolchain/bin/../lib/gcc/avr/5.4.0/../../../../avr/lib/avr5\libm.a(floatdisf.o) (__fp_negdi)
e:/program files (x86)/atmel/studio/7.0/toolchain/avr8/avr8-gnu-toolchain/bin/../lib/gcc/avr/5.4.0/../../../../avr/lib/avr5\libm.a(fp_pscA.o)
                              e:/program files (x86)/atmel/studio/7.0/toolchain/avr8/avr8-gnu-toolchain/bin/../lib/gcc/avr/5.4.0/../../../../avr/lib/avr5\libm.a(addsf3x.o) (__fp_pscA)
e:/program files (x86)/atmel/studio/7.0/toolchain/avr8/avr8-gnu-toolchain/bin/../lib/gcc/avr/5.4.0/../../../../avr/lib/avr5\libm.a(fp_pscB.o)
                              e:/program files (x86)/atmel/studio/7.0/toolchain/avr8/avr8-gnu-toolchain/bin/../lib/gcc/avr/5.4.0/../../../../avr/lib/avr5\libm.a(addsf3x.o) (__fp_pscB)
e:/program files (x86)/atmel/studio/7.0/toolchain/avr8/avr8-gnu-toolchain/bin/../lib/gcc/avr/5.4.0/../../../../avr/lib/avr5\libm.a(fp_round.o)
                              e:/program files (x86)/atmel/studio/7.0/toolchain/avr8/avr8-gnu-toolchain/bin/../lib/gcc/avr/5.4.0/../../../../avr/lib/avr5\libm.a(addsf3.o) (__fp_round)
e:/program files (x86)/atmel/studio/7.0/toolchain/avr8/avr8-gnu-toolchain/bin/../lib/gcc/avr/5.4.0/../../../../avr/lib/avr5\libm.a(fp_split3.o)
                              e:/program files (x86)/atmel/studio/7.0/toolchain/avr8/avr8-gnu-toolchain/bin/../lib/gcc/avr/5.4.0/../../../../avr/lib/avr5\libm.a(addsf3x.o) (__fp_split3)
e:/program files (x86)/atmel/studio/7.0/toolchain/avr8/avr8-gnu-toolchain/bin/../lib/gcc/avr/5.4.0/../../../../avr/lib/avr5\libm.a(fp_zero.o)
                              e:/program files (x86)/atmel/studio/7.0/toolchain/avr8/avr8-gnu-toolchain/bin/../lib/gcc/avr/5.4.0/../../../../avr/lib/avr5\libm.a(addsf3x.o) (__fp_zero)
e:/program files (x86)/atmel/studio/7.0/toolchain/avr8/avr8-gnu-toolchain/bin/../lib/gcc/avr/5.4.0/../../../../avr/lib/avr5\libm.a(mulsf3.o)
                              main.o (__mulsf3)
e:/program files (x86)/atmel/studio/7.0/toolchain/avr8/avr8-gnu-toolchain/bin/../lib/gcc/avr/5.4.0/../../../../avr/lib/avr5\libm.a(mulsf3x.o)
                              e:/program files (x86)/atmel/studio/7.0/toolchain/avr8/avr8-gnu-toolchain/bin/../lib/gcc/avr/5.4.0/../../../../avr/lib/avr5\libm.a(mulsf3.o) (__mulsf3x)
e:/program files (x86)/atmel/studio/7.0/toolchain/avr8/avr8-gnu-toolchain/bin/../lib/gcc/avr/5.4.0/../../../../avr/lib/avr5\libm.a(pow.o)
[...]
Memory Configuration

Name             Origin             Length             Attributes
text             0x00000000         0x00008000         xr
data             0x00800100         0x00000800         rw !x
eeprom           0x00810000         0x00000400         rw !x
fuse             0x00820000         0x00000003         rw !x
lock             0x00830000         0x00000400         rw !x
signature        0x00840000         0x00000400         rw !x
user_signatures  0x00850000         0x00000400         rw !x
*default*        0x00000000         0xffffffff

Linker script and memory map

Address of section .data set to 0x800100
LOAD E:/Program Files (x86)/Atmel/Studio/7.0/Packs/atmel/ATmega_DFP/1.6.364/gcc/dev/atmega328p/avr5/crtatmega328p.o
LOAD ADC/ADC.o
LOAD BMP280/BMP280.o
LOAD HK3022/HK3022.o
LOAD LM335/LM335.o
LOAD main.o
LOAD MPU6050/MPU6050.o
LOAD SPI/SPI.o
LOAD TIM/TIM.o
LOAD TWI/TWI.o
LOAD UART/UART.o
LOAD USON/USON.o
START GROUP
LOAD e:/program files (x86)/atmel/studio/7.0/toolchain/avr8/avr8-gnu-toolchain/bin/../lib/gcc/avr/5.4.0/../../../../avr/lib/avr5\libm.a
END GROUP
START GROUP
LOAD e:/program files (x86)/atmel/studio/7.0/toolchain/avr8/avr8-gnu-toolchain/bin/../lib/gcc/avr/5.4.0/avr5\libgcc.a
LOAD e:/program files (x86)/atmel/studio/7.0/toolchain/avr8/avr8-gnu-toolchain/bin/../lib/gcc/avr/5.4.0/../../../../avr/lib/avr5\libm.a
LOAD e:/program files (x86)/atmel/studio/7.0/toolchain/avr8/avr8-gnu-toolchain/bin/../lib/gcc/avr/5.4.0/../../../../avr/lib/avr5\libc.a
LOAD E:/Program Files (x86)/Atmel/Studio/7.0/Packs/atmel/ATmega_DFP/1.6.364/gcc/dev/atmega328p/avr5\libatmega328p.a
END GROUP
                0x00000000                __TEXT_REGION_ORIGIN__ = DEFINED (__TEXT_REGION_ORIGIN__)?__TEXT_REGION_ORIGIN__:0x0
                [0x00800100]                __DATA_REGION_ORIGIN__ = DEFINED (__DATA_REGION_ORIGIN__)?__DATA_REGION_ORIGIN__:0x800060
                [0x00008000]                __TEXT_REGION_LENGTH__ = DEFINED (__TEXT_REGION_LENGTH__)?__TEXT_REGION_LENGTH__:0x20000
                [0x00000800]                __DATA_REGION_LENGTH__ = DEFINED (__DATA_REGION_LENGTH__)?__DATA_REGION_LENGTH__:0xffa0
                [0x00000400]                __EEPROM_REGION_LENGTH__ = DEFINED (__EEPROM_REGION_LENGTH__)?__EEPROM_REGION_LENGTH__:0x10000
                [0x00000003]                __FUSE_REGION_LENGTH__ = DEFINED (__FUSE_REGION_LENGTH__)?__FUSE_REGION_LENGTH__:0x400
                0x00000400                __LOCK_REGION_LENGTH__ = DEFINED (__LOCK_REGION_LENGTH__)?__LOCK_REGION_LENGTH__:0x400
                0x00000400                __SIGNATURE_REGION_LENGTH__ = DEFINED (__SIGNATURE_REGION_LENGTH__)?__SIGNATURE_REGION_LENGTH__:0x400
                0x00000400                __USER_SIGNATURE_REGION_LENGTH__ = DEFINED (__USER_SIGNATURE_REGION_LENGTH__)?__USER_SIGNATURE_REGION_LENGTH__:0x400

.hash
 *(.hash)

.dynsym
 *(.dynsym)

.dynstr
 *(.dynstr)

.gnu.version
 *(.gnu.version)

.gnu.version_d
 *(.gnu.version_d)

.gnu.version_r
 *(.gnu.version_r)

.rel.init
 *(.rel.init)

.rela.init
 *(.rela.init)

.rel.text
 *(.rel.text)
 *(.rel.text.*)
 *(.rel.gnu.linkonce.t*)

.rela.text
 *(.rela.text)
 *(.rela.text.*)
 *(.rela.gnu.linkonce.t*)

.rel.fini
 *(.rel.fini)

.rela.fini
 *(.rela.fini)

.rel.rodata
 *(.rel.rodata)
 *(.rel.rodata.*)
 *(.rel.gnu.linkonce.r*)

.rela.rodata
 *(.rela.rodata)
 *(.rela.rodata.*)
 *(.rela.gnu.linkonce.r*)

.rel.data
 *(.rel.data)
 *(.rel.data.*)
 *(.rel.gnu.linkonce.d*)

.rela.data
 *(.rela.data)
 *(.rela.data.*)
 *(.rela.gnu.linkonce.d*)

.rel.ctors
 *(.rel.ctors)

.rela.ctors
 *(.rela.ctors)

.rel.dtors
 *(.rel.dtors)

.rela.dtors
 *(.rela.dtors)

.rel.got
 *(.rel.got)

.rela.got
 *(.rela.got)

.rel.bss
 *(.rel.bss)

.rela.bss
 *(.rela.bss)

.rel.plt
 *(.rel.plt)

.rela.plt
 *(.rela.plt)

.text           0x00000000     0x1732
 *(.vectors)
 .vectors       0x00000000       0x68 E:/Program Files (x86)/Atmel/Studio/7.0/Packs/atmel/ATmega_DFP/1.6.364/gcc/dev/atmega328p/avr5/crtatmega328p.o
                0x00000000                __vector_default
                0x00000000                __vectors
 *(.vectors)
 *(.progmem.gcc*)
 .progmem.gcc_sw_table.__vector_17
                0x00000068      0x144 main.o
                0x000001ac                . = ALIGN (0x2)
                0x000001ac                __trampolines_start = .
 *(.trampolines)
 .trampolines   0x000001ac        0x0 linker stubs
 *(.trampolines*)
                0x000001ac                __trampolines_end = .
 *libprintf_flt.a:*(.progmem.data)
 *libc.a:*(.progmem.data)
 *(.progmem*)
                0x000001ac                . = ALIGN (0x2)
 *(.jumptables)
 *(.jumptables*)
 *(.lowtext)
 *(.lowtext*)
                0x000001ac                __ctors_start = .
 *(.ctors)
                0x000001ac                __ctors_end = .
                0x000001ac                __dtors_start = .
 *(.dtors)
                0x000001ac                __dtors_end = .
 SORT(*)(.ctors)
 SORT(*)(.dtors)
 *(.init0)
 .init0         0x000001ac        0x0 E:/Program Files (x86)/Atmel/Studio/7.0/Packs/atmel/ATmega_DFP/1.6.364/gcc/dev/atmega328p/avr5/crtatmega328p.o
                0x000001ac                __init
 *(.init0)
 *(.init1)
 *(.init1)
 *(.init2)
 .init2         0x000001ac        0xc E:/Program Files (x86)/Atmel/Studio/7.0/Packs/atmel/ATmega_DFP/1.6.364/gcc/dev/atmega328p/avr5/crtatmega328p.o
 *(.init2)
 *(.init3)
 *(.init3)
 *(.init4)
 .init4         0x000001b8       0x10 e:/program files (x86)/atmel/studio/7.0/toolchain/avr8/avr8-gnu-toolchain/bin/../lib/gcc/avr/5.4.0/avr5\libgcc.a(_clear_bss.o)
                0x000001b8                __do_clear_bss
 *(.init4)
 *(.init5)
 *(.init5)
 *(.init6)
 *(.init6)
 *(.init7)
 *(.init7)
 *(.init8)
 *(.init8)
 *(.init9)
 .init9         0x000001c8        0x8 E:/Program Files (x86)/Atmel/Studio/7.0/Packs/atmel/ATmega_DFP/1.6.364/gcc/dev/atmega328p/avr5/crtatmega328p.o
 *(.init9)
 *(.text)
 .text          0x000001d0        0x4 E:/Program Files (x86)/Atmel/Studio/7.0/Packs/atmel/ATmega_DFP/1.6.364/gcc/dev/atmega328p/avr5/crtatmega328p.o
                0x000001d0                __vector_22
                0x000001d0                __vector_1
                0x000001d0                __vector_24
                0x000001d0                __vector_12
                0x000001d0                __bad_interrupt
                0x000001d0                __vector_6
                0x000001d0                __vector_3
                0x000001d0                __vector_23
                0x000001d0                __vector_25
                0x000001d0                __vector_11
                0x000001d0                __vector_13
                0x000001d0                __vector_19
                0x000001d0                __vector_7
                0x000001d0                __vector_4
                0x000001d0                __vector_9
                0x000001d0                __vector_2
                0x000001d0                __vector_21
                0x000001d0                __vector_15
                0x000001d0                __vector_8
                0x000001d0                __vector_14
                0x000001d0                __vector_10
                0x000001d0                __vector_16
                0x000001d0                __vector_18
                0x000001d0                __vector_20
                0x000001d4                . = ALIGN (0x2)
 *(.text.*)
 .text.ADC_init
                0x000001d4       0x30 ADC/ADC.o
                0x000001d4                ADC_init
 .text.ADC_GetData
                0x00000204       0x52 ADC/ADC.o
                0x00000204                ADC_GetData
 .text.BMP280_init
                0x00000256       0x20 BMP280/BMP280.o
                0x00000256                BMP280_init
 .text.BMP280_params
                0x00000276       0x28 BMP280/BMP280.o
                0x00000276                BMP280_params
 .text.BMP280_t_fine
                0x0000029e      0x13a BMP280/BMP280.o
                0x0000029e                BMP280_t_fine
 .text.BMP280_temp
                0x000003d8       0x56 BMP280/BMP280.o
                0x000003d8                BMP280_temp
 .text.BMP280_pres
                0x0000042e      0x544 BMP280/BMP280.o
                0x0000042e                BMP280_pres
 .text.HK3022_Data
                0x00000972       0x10 HK3022/HK3022.o
                0x00000972                HK3022_Data
 .text.LM335_Data
                0x00000982       0x10 LM335/LM335.o
                0x00000982                LM335_Data
 .text.bit_crop
                0x00000992       0x10 main.o
                0x00000992                bit_crop
 .text.__vector_17
                0x000009a2      0x1ec main.o
                0x000009a2                __vector_17
 .text.__vector_5
                0x00000b8e       0x8a main.o
                0x00000b8e                __vector_5
 .text.main     0x00000c18       0xce main.o
                0x00000c18                main
 .text.MPU6050_init
                0x00000ce6       0x3e MPU6050/MPU6050.o
                0x00000ce6                MPU6050_init
 .text.MPU6050_read_acce
                0x00000d24       0x66 MPU6050/MPU6050.o
                0x00000d24                MPU6050_read_acce
 .text.MPU6050_read_gyro
                0x00000d8a       0x66 MPU6050/MPU6050.o
                0x00000d8a                MPU6050_read_gyro
 .text.SPI_init
                0x00000df0       0x50 SPI/SPI.o
                0x00000df0                SPI_init
 .text.TWI_init
                0x00000e40       0x10 TWI/TWI.o
                0x00000e40                TWI_init
 .text.TWI_startCond
                0x00000e50       0x20 TWI/TWI.o
                0x00000e50                TWI_startCond
 .text.TWI_restrtCond
                0x00000e70       0x20 TWI/TWI.o
                0x00000e70                TWI_restrtCond
 .text.TWI_stopCond
                0x00000e90        0x8 TWI/TWI.o
                0x00000e90                TWI_stopCond
 .text.TWI_sendAdrr
                0x00000e98       0x38 TWI/TWI.o
                0x00000e98                TWI_sendAdrr
 .text.TWI_write
                0x00000ed0       0x24 TWI/TWI.o
                0x00000ed0                TWI_write
 .text.TWI_read
                0x00000ef4       0x1c TWI/TWI.o
                0x00000ef4                TWI_read
 .text.TWI_write_sensor
                0x00000f10       0x4c TWI/TWI.o
                0x00000f10                TWI_write_sensor
 .text.TWI_read_sensor
                0x00000f5c       0x58 TWI/TWI.o
                0x00000f5c                TWI_read_sensor
 .text.USON_init
                0x00000fb4       0x4c USON/USON.o
                0x00000fb4                USON_init
 .text.USON_Data
                0x00001000       0x28 USON/USON.o
                0x00001000                USON_Data
 .text.avr-libc.fplib
                0x00001028        0xe e:/program files (x86)/atmel/studio/7.0/toolchain/avr8/avr8-gnu-toolchain/bin/../lib/gcc/avr/5.4.0/../../../../avr/lib/avr5\libm.a(fixsfsi.o)
                0x00001028                __fixsfsi
 .text.avr-libc.fplib
                0x00001036       0x5e e:/program files (x86)/atmel/studio/7.0/toolchain/avr8/avr8-gnu-toolchain/bin/../lib/gcc/avr/5.4.0/../../../../avr/lib/avr5\libm.a(fixunssfsi.o)
                0x00001036                __fixunssfsi
 .text.avr-libc.fplib
                0x00001094        0xc e:/program files (x86)/atmel/studio/7.0/toolchain/avr8/avr8-gnu-toolchain/bin/../lib/gcc/avr/5.4.0/../../../../avr/lib/avr5\libm.a(floatdisf.o)
                0x00001094                __floatdisf
 .text.avr-libc.fplib
                0x000010a0       0x7a e:/program files (x86)/atmel/studio/7.0/toolchain/avr8/avr8-gnu-toolchain/bin/../lib/gcc/avr/5.4.0/../../../../avr/lib/avr5\libm.a(floatsisf.o)
                0x000010a0                __floatunsisf
                0x000010a4                __floatsisf
 .text.avr-libc.fplib
                0x0000111a       0x7c e:/program files (x86)/atmel/studio/7.0/toolchain/avr8/avr8-gnu-toolchain/bin/../lib/gcc/avr/5.4.0/../../../../avr/lib/avr5\libm.a(floatundisf.o)
                0x0000111a                __floatundisf
                0x0000111c                __fp_di2sf
 .text.avr-libc.fplib
                0x00001196        0xc e:/program files (x86)/atmel/studio/7.0/toolchain/avr8/avr8-gnu-toolchain/bin/../lib/gcc/avr/5.4.0/../../../../avr/lib/avr5\libm.a(fp_inf.o)
                0x00001196                __fp_inf
 .text.avr-libc.fplib
                0x000011a2        0x6 e:/program files (x86)/atmel/studio/7.0/toolchain/avr8/avr8-gnu-toolchain/bin/../lib/gcc/avr/5.4.0/../../../../avr/lib/avr5\libm.a(fp_nan.o)
                0x000011a2                __fp_nan
 .text.avr-libc.fplib
                0x000011a8       0x20 e:/program files (x86)/atmel/studio/7.0/toolchain/avr8/avr8-gnu-toolchain/bin/../lib/gcc/avr/5.4.0/../../../../avr/lib/avr5\libm.a(fp_negdi.o)
                0x000011a8                __fp_negdi
 .text.avr-libc.fplib
                0x000011c8        0xe e:/program files (x86)/atmel/studio/7.0/toolchain/avr8/avr8-gnu-toolchain/bin/../lib/gcc/avr/5.4.0/../../../../avr/lib/avr5\libm.a(fp_pscA.o)
                0x000011c8                __fp_pscA
 .text.avr-libc.fplib
                0x000011d6        0xe e:/program files (x86)/atmel/studio/7.0/toolchain/avr8/avr8-gnu-toolchain/bin/../lib/gcc/avr/5.4.0/../../../../avr/lib/avr5\libm.a(fp_pscB.o)
                0x000011d6                __fp_pscB
 .text.avr-libc.fplib
                0x000011e4       0x22 e:/program files (x86)/atmel/studio/7.0/toolchain/avr8/avr8-gnu-toolchain/bin/../lib/gcc/avr/5.4.0/../../../../avr/lib/avr5\libm.a(fp_round.o)
                0x000011e4                __fp_round
 .text.avr-libc.fplib
                0x00001206       0x44 e:/program files (x86)/atmel/studio/7.0/toolchain/avr8/avr8-gnu-toolchain/bin/../lib/gcc/avr/5.4.0/../../../../avr/lib/avr5\libm.a(fp_split3.o)
                0x00001206                __fp_split3
                0x00001216                __fp_splitA
 .text.avr-libc.fplib
                0x0000124a        0xe e:/program files (x86)/atmel/studio/7.0/toolchain/avr8/avr8-gnu-toolchain/bin/../lib/gcc/avr/5.4.0/../../../../avr/lib/avr5\libm.a(fp_zero.o)
                0x0000124a                __fp_zero
                0x0000124c                __fp_szero
 .text.avr-libc.fplib
                0x00001258        0x8 e:/program files (x86)/atmel/studio/7.0/toolchain/avr8/avr8-gnu-toolchain/bin/../lib/gcc/avr/5.4.0/../../../../avr/lib/avr5\libm.a(mulsf3.o)
                0x00001258                __mulsf3
 .text.avr-libc.fplib
                0x00001260       0xd2 e:/program files (x86)/atmel/studio/7.0/toolchain/avr8/avr8-gnu-toolchain/bin/../lib/gcc/avr/5.4.0/../../../../avr/lib/avr5\libm.a(mulsf3x.o)
                0x0000127e                __mulsf3x
                0x00001284                __mulsf3_pse
 .text.libgcc.mul
                0x00001332       0x20 e:/program files (x86)/atmel/studio/7.0/toolchain/avr8/avr8-gnu-toolchain/bin/../lib/gcc/avr/5.4.0/avr5\libgcc.a(_mulsi3.o)
                0x00001332                __mulsi3
 .text.libgcc.div
                0x00001352       0x2e e:/program files (x86)/atmel/studio/7.0/toolchain/avr8/avr8-gnu-toolchain/bin/../lib/gcc/avr/5.4.0/avr5\libgcc.a(_divmodsi4.o)
                0x00001352                __divmodsi4
 .text.libgcc.div
                0x00001380       0x10 e:/program files (x86)/atmel/studio/7.0/toolchain/avr8/avr8-gnu-toolchain/bin/../lib/gcc/avr/5.4.0/avr5\libgcc.a(_negsi2.o)
                0x00001380                __negsi2
 .text.libgcc   0x00001390        0xc e:/program files (x86)/atmel/studio/7.0/toolchain/avr8/avr8-gnu-toolchain/bin/../lib/gcc/avr/5.4.0/avr5\libgcc.a(_tablejump2.o)
                0x00001390                __tablejump2__
 .text.libgcc.mul
                0x0000139c       0x16 e:/program files (x86)/atmel/studio/7.0/toolchain/avr8/avr8-gnu-toolchain/bin/../lib/gcc/avr/5.4.0/avr5\libgcc.a(_muluhisi3.o)
                0x0000139c                __muluhisi3
 .text.libgcc.mul
                0x000013b2       0x10 e:/program files (x86)/atmel/studio/7.0/toolchain/avr8/avr8-gnu-toolchain/bin/../lib/gcc/avr/5.4.0/avr5\libgcc.a(_mulshisi3.o)
                0x000013b2                __mulshisi3
                0x000013b8                __mulohisi3
 .text.libgcc.mul
                0x000013c2       0xa0 e:/program files (x86)/atmel/studio/7.0/toolchain/avr8/avr8-gnu-toolchain/bin/../lib/gcc/avr/5.4.0/avr5\libgcc.a(_muldi3.o)
                0x000013c2                __muldi3
 .text.libgcc.mul
                0x00001462       0x12 e:/program files (x86)/atmel/studio/7.0/toolchain/avr8/avr8-gnu-toolchain/bin/../lib/gcc/avr/5.4.0/avr5\libgcc.a(_muldi3_6.o)
                0x00001462                __muldi3_6
 .text.libgcc.div
                0x00001474       0x62 e:/program files (x86)/atmel/studio/7.0/toolchain/avr8/avr8-gnu-toolchain/bin/../lib/gcc/avr/5.4.0/avr5\libgcc.a(_divdi3.o)
                0x00001474                __moddi3
                0x00001478                __divdi3
                0x0000147a                __divdi3_moddi3
 .text.libgcc.div
                0x000014d6       0x1c e:/program files (x86)/atmel/studio/7.0/toolchain/avr8/avr8-gnu-toolchain/bin/../lib/gcc/avr/5.4.0/avr5\libgcc.a(_udivdi3.o)
                0x000014d6                __umoddi3
                0x000014da                __udivdi3
                0x000014dc                __udivdi3_umoddi3
 .text.libgcc.div
                0x000014f2       0xa2 e:/program files (x86)/atmel/studio/7.0/toolchain/avr8/avr8-gnu-toolchain/bin/../lib/gcc/avr/5.4.0/avr5\libgcc.a(_udivmod64.o)
                0x000014f2                __udivmod64
 .text.libgcc   0x00001594       0x20 e:/program files (x86)/atmel/studio/7.0/toolchain/avr8/avr8-gnu-toolchain/bin/../lib/gcc/avr/5.4.0/avr5\libgcc.a(_negdi2.o)
                0x00001594                __negdi2
 .text.libgcc.prologue
                0x000015b4       0x38 e:/program files (x86)/atmel/studio/7.0/toolchain/avr8/avr8-gnu-toolchain/bin/../lib/gcc/avr/5.4.0/avr5\libgcc.a(_prologue.o)
                0x000015b4                __prologue_saves__
 .text.libgcc.prologue
                0x000015ec       0x36 e:/program files (x86)/atmel/studio/7.0/toolchain/avr8/avr8-gnu-toolchain/bin/../lib/gcc/avr/5.4.0/avr5\libgcc.a(_epilogue.o)
                0x000015ec                __epilogue_restores__
 .text.libgcc.builtins
                0x00001622       0x32 e:/program files (x86)/atmel/studio/7.0/toolchain/avr8/avr8-gnu-toolchain/bin/../lib/gcc/avr/5.4.0/avr5\libgcc.a(_ashldi3.o)
                0x00001622                __ashldi3
 .text.libgcc.builtins
                0x00001654       0x3c e:/program files (x86)/atmel/studio/7.0/toolchain/avr8/avr8-gnu-toolchain/bin/../lib/gcc/avr/5.4.0/avr5\libgcc.a(_ashrdi3.o)
                0x00001654                __ashrdi3
                0x00001658                __lshrdi3
 .text.libgcc   0x00001690       0x12 e:/program files (x86)/atmel/studio/7.0/toolchain/avr8/avr8-gnu-toolchain/bin/../lib/gcc/avr/5.4.0/avr5\libgcc.a(_adddi3.o)
                0x00001690                __adddi3
 .text.libgcc   0x000016a2       0x12 e:/program files (x86)/atmel/studio/7.0/toolchain/avr8/avr8-gnu-toolchain/bin/../lib/gcc/avr/5.4.0/avr5\libgcc.a(_subdi3.o)
                0x000016a2                __subdi3
 .text.libgcc   0x000016b4       0x18 e:/program files (x86)/atmel/studio/7.0/toolchain/avr8/avr8-gnu-toolchain/bin/../lib/gcc/avr/5.4.0/avr5\libgcc.a(_cmpdi2_s8.o)
                0x000016b4                __cmpdi2_s8
 .text.libgcc.div
                0x000016cc       0x44 e:/program files (x86)/atmel/studio/7.0/toolchain/avr8/avr8-gnu-toolchain/bin/../lib/gcc/avr/5.4.0/avr5\libgcc.a(_udivmodsi4.o)
                0x000016cc                __udivmodsi4
 .text.libgcc.mul
                0x00001710       0x1e e:/program files (x86)/atmel/studio/7.0/toolchain/avr8/avr8-gnu-toolchain/bin/../lib/gcc/avr/5.4.0/avr5\libgcc.a(_umulhisi3.o)
                0x00001710                __umulhisi3
                0x0000172e                . = ALIGN (0x2)
 *(.fini9)
 .fini9         0x0000172e        0x0 e:/program files (x86)/atmel/studio/7.0/toolchain/avr8/avr8-gnu-toolchain/bin/../lib/gcc/avr/5.4.0/avr5\libgcc.a(_exit.o)
                0x0000172e                _exit
                0x0000172e                exit
 *(.fini9)
 *(.fini8)
 *(.fini8)
 *(.fini7)
 *(.fini7)
 *(.fini6)
 *(.fini6)
 *(.fini5)
 *(.fini5)
 *(.fini4)
 *(.fini4)
 *(.fini3)
 *(.fini3)
 *(.fini2)
 *(.fini2)
 *(.fini1)
 *(.fini1)
 *(.fini0)
 .fini0         0x0000172e        0x4 e:/program files (x86)/atmel/studio/7.0/toolchain/avr8/avr8-gnu-toolchain/bin/../lib/gcc/avr/5.4.0/avr5\libgcc.a(_exit.o)
 *(.fini0)
                0x00001732                _etext = .

.data           0x00800100        0x0 load address 0x00001732
                [!provide]                PROVIDE (__data_start, .)
 *(.data)
 *(.data*)
 *(.gnu.linkonce.d*)
 *(.rodata)
 *(.rodata*)
 *(.gnu.linkonce.r*)
                0x00800100                . = ALIGN (0x2)
                0x00800100                _edata = .
                [!provide]                PROVIDE (__data_end, .)

.bss            0x00800100       0x17
                0x00800100                PROVIDE (__bss_start, .)
 *(.bss)
 *(.bss*)
 .bss.dist      0x00800100        0x2 main.o
                0x00800100                dist
 .bss.g_z       0x00800102        0x2 main.o
                0x00800102                g_z
 .bss.g_y       0x00800104        0x2 main.o
                0x00800104                g_y
 .bss.g_x       0x00800106        0x2 main.o
                0x00800106                g_x
 .bss.a_z       0x00800108        0x2 main.o
                0x00800108                a_z
 .bss.a_y       0x0080010a        0x2 main.o
                0x0080010a                a_y
 .bss.a_x       0x0080010c        0x2 main.o
                0x0080010c                a_x
 .bss.T_int     0x0080010e        0x2 main.o
                0x0080010e                T_int
 .bss.P_int     0x00800110        0x2 main.o
                0x00800110                P_int
 .bss.P_ext     0x00800112        0x2 main.o
                0x00800112                P_ext
 .bss.T_ext     0x00800114        0x2 main.o
                0x00800114                T_ext
 .bss.SPI_Rx    0x00800116        0x1 main.o
                0x00800116                SPI_Rx
 *(COMMON)
                0x00800117                PROVIDE (__bss_end, .)
                0x00001732                __data_load_start = LOADADDR (.data)
                0x00001732                __data_load_end = (__data_load_start + SIZEOF (.data))

.noinit         0x00800117        0x0
                [!provide]                PROVIDE (__noinit_start, .)
 *(.noinit*)
                [!provide]                PROVIDE (__noinit_end, .)
                0x00800117                _end = .
                [!provide]                PROVIDE (__heap_start, .)

.eeprom         0x00810000        0x0
 *(.eeprom*)
                0x00810000                __eeprom_end = .

.fuse
 *(.fuse)
 *(.lfuse)
 *(.hfuse)
 *(.efuse)

.lock
 *(.lock*)

.signature
 *(.signature*)

.user_signatures
 *(.user_signatures*)

.stab
 *(.stab)

.stabstr
 *(.stabstr)

.stab.excl
 *(.stab.excl)

.stab.exclstr
 *(.stab.exclstr)

.stab.index
 *(.stab.index)

.stab.indexstr
 *(.stab.indexstr)

.comment        0x00000000       0x30
 *(.comment)
 .comment       0x00000000       0x30 ADC/ADC.o
                                 0x31 (size before relaxing)
 .comment       0x00000030       0x31 BMP280/BMP280.o
 .comment       0x00000030       0x31 HK3022/HK3022.o
 .comment       0x00000030       0x31 LM335/LM335.o
 .comment       0x00000030       0x31 main.o
 .comment       0x00000030       0x31 MPU6050/MPU6050.o
 .comment       0x00000030       0x31 SPI/SPI.o
 .comment       0x00000030       0x31 TWI/TWI.o
 .comment       0x00000030       0x31 USON/USON.o

.note.gnu.avr.deviceinfo
                0x00000000       0x40
 .note.gnu.avr.deviceinfo
                0x00000000       0x40 E:/Program Files (x86)/Atmel/Studio/7.0/Packs/atmel/ATmega_DFP/1.6.364/gcc/dev/atmega328p/avr5/crtatmega328p.o

.note.gnu.build-id
 *(.note.gnu.build-id)

.debug
 *(.debug)

.line
 *(.line)

.debug_srcinfo
 *(.debug_srcinfo)

.debug_sfnames
 *(.debug_sfnames)

.debug_aranges  0x00000000      0x1c0
 *(.debug_aranges)
 .debug_aranges
                0x00000000       0x28 ADC/ADC.o
 .debug_aranges
                0x00000028       0x40 BMP280/BMP280.o
 .debug_aranges
                0x00000068       0x20 HK3022/HK3022.o
 .debug_aranges
                0x00000088       0x20 LM335/LM335.o
 .debug_aranges
                0x000000a8       0x38 main.o
 .debug_aranges
                0x000000e0       0x30 MPU6050/MPU6050.o
 .debug_aranges
                0x00000110       0x28 SPI/SPI.o
 .debug_aranges
                0x00000138       0x60 TWI/TWI.o
 .debug_aranges
                0x00000198       0x28 USON/USON.o

.debug_pubnames
 *(.debug_pubnames)

.debug_info     0x00000000     0x1d46
 *(.debug_info .gnu.linkonce.wi.*)
 .debug_info    0x00000000      0x5f4 E:/Program Files (x86)/Atmel/Studio/7.0/Packs/atmel/ATmega_DFP/1.6.364/gcc/dev/atmega328p/avr5/crtatmega328p.o
 .debug_info    0x000005f4      0x145 ADC/ADC.o
 .debug_info    0x00000739      0x546 BMP280/BMP280.o
 .debug_info    0x00000c7f       0xac HK3022/HK3022.o
 .debug_info    0x00000d2b       0xac LM335/LM335.o
 .debug_info    0x00000dd7      0x670 main.o
 .debug_info    0x00001447      0x33e MPU6050/MPU6050.o
 .debug_info    0x00001785       0xa6 SPI/SPI.o
 .debug_info    0x0000182b      0x383 TWI/TWI.o
 .debug_info    0x00001bae      0x198 USON/USON.o

.debug_abbrev   0x00000000      0xe82
 *(.debug_abbrev)
 .debug_abbrev  0x00000000      0x5a2 E:/Program Files (x86)/Atmel/Studio/7.0/Packs/atmel/ATmega_DFP/1.6.364/gcc/dev/atmega328p/avr5/crtatmega328p.o
 .debug_abbrev  0x000005a2       0xe0 ADC/ADC.o
 .debug_abbrev  0x00000682      0x14c BMP280/BMP280.o
 .debug_abbrev  0x000007ce       0x7c HK3022/HK3022.o
 .debug_abbrev  0x0000084a       0x7c LM335/LM335.o
 .debug_abbrev  0x000008c6      0x1eb main.o
 .debug_abbrev  0x00000ab1       0xd3 MPU6050/MPU6050.o
 .debug_abbrev  0x00000b84       0x76 SPI/SPI.o
 .debug_abbrev  0x00000bfa      0x18e TWI/TWI.o
 .debug_abbrev  0x00000d88       0xfa USON/USON.o

.debug_line     0x00000000     0x1186
 *(.debug_line .debug_line.* .debug_line_end)
 .debug_line    0x00000000      0x134 E:/Program Files (x86)/Atmel/Studio/7.0/Packs/atmel/ATmega_DFP/1.6.364/gcc/dev/atmega328p/avr5/crtatmega328p.o
 .debug_line    0x00000134      0x182 ADC/ADC.o
 .debug_line    0x000002b6      0x233 BMP280/BMP280.o
 .debug_line    0x000004e9       0xca HK3022/HK3022.o
 .debug_line    0x000005b3       0xc7 LM335/LM335.o
 .debug_line    0x0000067a      0x3f4 main.o
 .debug_line    0x00000a6e      0x19d MPU6050/MPU6050.o
 .debug_line    0x00000c0b      0x110 SPI/SPI.o
 .debug_line    0x00000d1b      0x2fa TWI/TWI.o
 .debug_line    0x00001015      0x171 USON/USON.o

.debug_frame    0x00000000      0x3f4
 *(.debug_frame)
 .debug_frame   0x00000000       0x34 ADC/ADC.o
 .debug_frame   0x00000034      0x118 BMP280/BMP280.o
 .debug_frame   0x0000014c       0x24 HK3022/HK3022.o
 .debug_frame   0x00000170       0x24 LM335/LM335.o
 .debug_frame   0x00000194       0xe4 main.o
 .debug_frame   0x00000278       0x54 MPU6050/MPU6050.o
 .debug_frame   0x000002cc       0x34 SPI/SPI.o
 .debug_frame   0x00000300       0xc0 TWI/TWI.o
 .debug_frame   0x000003c0       0x34 USON/USON.o

.debug_str      0x00000000      0x630
 *(.debug_str)
 .debug_str     0x00000000      0x208 E:/Program Files (x86)/Atmel/Studio/7.0/Packs/atmel/ATmega_DFP/1.6.364/gcc/dev/atmega328p/avr5/crtatmega328p.o
 .debug_str     0x00000208      0x1b9 ADC/ADC.o
                                0x1ed (size before relaxing)
 .debug_str     0x000003c1       0xad BMP280/BMP280.o
                                0x23e (size before relaxing)
 .debug_str     0x0000046e       0x1f HK3022/HK3022.o
                                0x197 (size before relaxing)
 .debug_str     0x0000048d       0x1c LM335/LM335.o
                                0x193 (size before relaxing)
 .debug_str     0x000004a9       0xd6 main.o
                                0x2ea (size before relaxing)
 .debug_str     0x0000057f       0x1a MPU6050/MPU6050.o
                                0x1e8 (size before relaxing)
 .debug_str     0x00000599       0x14 SPI/SPI.o
                                0x18d (size before relaxing)
 .debug_str     0x000005ad       0x74 TWI/TWI.o
                                0x25f (size before relaxing)
 .debug_str     0x00000621        0xf USON/USON.o
                                0x1f1 (size before relaxing)

.debug_loc      0x00000000     0x1514
 *(.debug_loc)
 .debug_loc     0x00000000       0x6b ADC/ADC.o
 .debug_loc     0x0000006b      0xd8c BMP280/BMP280.o
 .debug_loc     0x00000df7      0x23a main.o
 .debug_loc     0x00001031      0x1aa MPU6050/MPU6050.o
 .debug_loc     0x000011db      0x2ac TWI/TWI.o
 .debug_loc     0x00001487       0x8d USON/USON.o

.debug_macinfo
 *(.debug_macinfo)

.debug_weaknames
 *(.debug_weaknames)

.debug_funcnames
 *(.debug_funcnames)

.debug_typenames
 *(.debug_typenames)

.debug_varnames
 *(.debug_varnames)

.debug_pubtypes
 *(.debug_pubtypes)

.debug_ranges   0x00000000      0x130
 *(.debug_ranges)
 .debug_ranges  0x00000000       0x18 ADC/ADC.o
 .debug_ranges  0x00000018       0x30 BMP280/BMP280.o
 .debug_ranges  0x00000048       0x10 HK3022/HK3022.o
 .debug_ranges  0x00000058       0x10 LM335/LM335.o
 .debug_ranges  0x00000068       0x28 main.o
 .debug_ranges  0x00000090       0x20 MPU6050/MPU6050.o
 .debug_ranges  0x000000b0       0x18 SPI/SPI.o
 .debug_ranges  0x000000c8       0x50 TWI/TWI.o
 .debug_ranges  0x00000118       0x18 USON/USON.o

.debug_macro
 *(.debug_macro)
OUTPUT(SENSOR.elf elf32-avr)
LOAD linker stubs
